задание: 2.1.1
проект: 211-command-usb
устройство: 2e8a:000a
серийный номер: 53032847306B7C1C
порт: /dev/ttyACM0
начало: 2026-10-08T09:48:05
   0.000 --> enable
   0.135 <-- enable
   0.136 <-- dbg read_line:64 got enable
   0.136 <-- inf handle_command:27 led on
   2.139 --> disable
   2.296 <-- disable
   2.297 <-- dbg read_line:64 got disable
   2.297 <-- inf handle_command:32 led off
   4.299 --> info
   4.397 <-- info
   4.397 <-- dbg read_line:64 got info
   4.398 <-- project: 211-command-usb
   4.398 <-- repo: https://github.com/timurlol/es-student
   4.398 <-- board: pico
   4.399 <-- serial: 53032847306B7C1C
   4.400 <-- chip: manufacturer 0x927, part 0x0002, revision 2
   4.400 <-- pico-sdk: 2.3.0
   6.402 --> nosuchcommand
   6.679 <-- nosuchcommand
   6.679 <-- dbg read_line:64 got nosuchcommand
   6.679 <-- err handle_command:44 unknown command: nosuchcommand
итог: отправлено команд 4, принято строк 17
