задание: 2.1.3
проект: 211-command-usb
устройство: 2e8a:000a
серийный номер: 53032847306B7C1C
порт: /dev/ttyACM0
начало: 2026-10-08T14:19:57
   0.000 --> mem_info
   0.161 <-- mem_info
   0.162 <-- dbg read_line:106 got mem_info
   0.162 <-- area       start      end        size
   0.163 <-- flash      0x10000000 0x10200000  2097152
   0.163 <-- sram       0x20000000 0x20042000   270336
   0.163 <-- rom        0x00000000 0x00004000    16384
   0.164 <-- image      0x10000000 0x1000867c    34428
   0.164 <-- free       0x1000867c 0x10200000  2062724
   0.164 <-- boot2      0x10000000 0x10000100      256
   0.165 <-- text       0x10000100 0x100076bc    30140
   0.165 <-- data flash 0x100076bc 0x1000867c     4032
   0.166 <-- data ram   0x200000c0 0x20001080     4032
   0.167 <-- bss        0x20001080 0x20001cbc     3132
   0.167 <-- heap       0x20001cbc 0x20040000   254788
   0.168 <-- stack      0x20041800 0x20042000     2048
   0.168 <-- total
   0.169 <-- flash image  34428 = boot2 256 + text 30140 + data 4032
   0.169 <-- flash free   2062724 of 2097152
   0.170 <-- ram used     7164 = data 4032 + bss 3132
   0.171 <-- ram free     254788 for heap and 2048 for stack
итог: отправлено команд 1, принято строк 20
